*****************************************************************
      SolidWorks Corporation - IGES Processor Status Report
*****************************************************************
=================================================================
一般情報
=================================================================
ｼｽﾃﾑ製品I.D.を送信しています  : 
ｼｽﾃﾑ製品I.D.を受信しています: 
ﾌｧｲﾙ名: crank-24mm-assembly
ｼｽﾃﾑを送信しています               : Autodesk Inventor 2016
ﾌﾟﾛｾｯｻ　ﾊﾞｰｼﾞｮﾝ         : unknown
ﾌｧｲﾙ作成日           : 20160605.104411
ﾓﾃﾞﾙ作成日          : 20160605.013657
単位                        : MM
ﾓﾃﾞﾙ空間ｽｹｰﾙ            : 1
作者                       : 荳・ｵｷ
組織名                 : 


=================================================================
ｴﾝﾃｨﾃｨ　ﾌﾟﾛｾｽ情報
=================================================================


=================================================================
IGES ﾌｧｲﾙの精度分析:
=================================================================
  最も頻度の高い有効桁数:               3
  最大有効桁数:                     14
  平均有効桁数:                4.27156
  原点までの最大の長さ:                          12.9808
  原点までの最短の長さ:                         0.920059
  有効な有効桁数:              13.9383


=================================================================
ｴﾝﾃｨﾃｨの概要
=================================================================
-----------------------------------------------------------------
名前を入力してください                                       変換したｶｳﾝﾄ数
---- ----                                         ----- ---------
124  Transformation matrix                            4         4
126  Rational B-spline curve                        196       196
128  Rational B-spline surface                       78        78
186  Manifold Solid B-rep Object                      5         5
308  Subfigure definition                             6         6
314  Color definition                                 4         4
406  Property                                         8         8
408  Singular subfigure instance                      6         6
502  Vertex list                                      5         5
504  Edge entity                                      5         5
508  Loop entity                                    100       100
510  Face entity                                     78        78
514  Shell entity                                     5         5
_________________________________________________________________


=================================================================
結果の概要
=================================================================
SolidWorks ﾌｨｰﾁｬｰﾀｲﾌﾟ                ｶｳﾝﾄ数
-----------------------                -----
ｿﾘｯﾄﾞ ﾌｨｰﾁｬｰ                       4
ｻｰﾌｪｽ　ﾌｨｰﾁｬｰ                     1
ｶｰﾌﾞ/ｽｹｯﾁ　ﾌｨｰﾁｬｰ                0
--------------------------------------------
開始時間: 月曜日, 6月 06, 2016 15:25:18
終了時間: 月曜日, 6月 06, 2016 15:25:26
ﾌﾟﾛｾｽ時間: 0 days, 00 hours, 00 mins, 08 secs
