*****************************************************************
      SolidWorks Corporation - IGES Processor Status Report
*****************************************************************
=================================================================
一般情報
=================================================================
ｼｽﾃﾑ製品I.D.を送信しています  : 
ｼｽﾃﾑ製品I.D.を受信しています: 
ﾌｧｲﾙ名: ver7-center
ｼｽﾃﾑを送信しています               : Autodesk Inventor 2016
ﾌﾟﾛｾｯｻ　ﾊﾞｰｼﾞｮﾝ         : unknown
ﾌｧｲﾙ作成日           : 20160605.095214
ﾓﾃﾞﾙ作成日          : 20151030.122546
単位                        : MM
ﾓﾃﾞﾙ空間ｽｹｰﾙ            : 1
作者                       : 荳・ｵｷ
組織名                 : 


=================================================================
ｴﾝﾃｨﾃｨ　ﾌﾟﾛｾｽ情報
=================================================================


=================================================================
IGES ﾌｧｲﾙの精度分析:
=================================================================
  最も頻度の高い有効桁数:               2
  最大有効桁数:                     14
  平均有効桁数:                2.71417
  原点までの最大の長さ:                          91.3783
  原点までの最短の長さ:                     4.73346e-016
  有効な有効桁数:                   14


=================================================================
ｴﾝﾃｨﾃｨの概要
=================================================================
-----------------------------------------------------------------
名前を入力してください                                       変換したｶｳﾝﾄ数
---- ----                                         ----- ---------
126  Rational B-spline curve                         60        60
128  Rational B-spline surface                       21        21
186  Manifold Solid B-rep Object                      1         1
314  Color definition                                 1         1
406  Property                                         1         1
502  Vertex list                                      1         1
504  Edge entity                                      1         1
508  Loop entity                                     35        35
510  Face entity                                     21        21
514  Shell entity                                     1         1
_________________________________________________________________


=================================================================
結果の概要
=================================================================
SolidWorks ﾌｨｰﾁｬｰﾀｲﾌﾟ                ｶｳﾝﾄ数
-----------------------                -----
ｿﾘｯﾄﾞ ﾌｨｰﾁｬｰ                       1
ｻｰﾌｪｽ　ﾌｨｰﾁｬｰ                     0
ｶｰﾌﾞ/ｽｹｯﾁ　ﾌｨｰﾁｬｰ                0
--------------------------------------------
開始時間: 月曜日, 6月 06, 2016 16:33:57
終了時間: 月曜日, 6月 06, 2016 16:33:58
ﾌﾟﾛｾｽ時間: 0 days, 00 hours, 00 mins, 01 secs
